=========================
Summary of SPARK analysis
=========================

--------------------------------------------------------------------------------
SPARK Analysis results        Total        Flow   Provers   Justified   Unproved
--------------------------------------------------------------------------------
Data Dependencies                 1           1         .           .          .
Flow Dependencies                 .           .         .           .          .
Initialization                    .           .         .           .          .
Non-Aliasing                      .           .         .           .          .
Run-time Checks                   .           .         .           .          .
Assertions                        .           .         .           .          .
Functional Contracts              .           .         .           .          .
LSP Verification                  .           .         .           .          .
Termination                       1           1         .           .          .
Concurrency                       .           .         .           .          .
--------------------------------------------------------------------------------
Total                             2    2 (100%)         .           .          .


max steps used for successful proof: 0

============================
Most difficult proved checks
============================

No check found with max time greater than 1 second

========================
Detailed analysis report
========================

Analyzed 2 units
in unit target_sum_stub, 2 subprograms and packages out of 2 analyzed
  Target_Sum_Stub at target_sum_stub.ads:2 flow analyzed (0 errors, 0 checks, 0 warnings and 0 pragma Assume statements) and proved (0 checks)
  Target_Sum_Stub.Exists at target_sum_stub.ads:7 flow analyzed (0 errors, 0 checks, 0 warnings and 0 pragma Assume statements) and proved (0 checks)
in unit tests, 0 subprograms and packages out of 1 analyzed
  Tests at tests.adb:2 skipped; SPARK_Mode => Off
